// Jest Snapshot v1, https://goo.gl/fbAQLP

exports[`Database can access records via EntityManager 1`] = `
Object {
  "products": Array [
    Object {
      "email": "mtortoishell0@webs.com",
      "firstname": "Matthiew",
      "id": 1,
      "lastname": "Tortoishell",
    },
    Object {
      "email": "bfraine1@privacy.gov.au",
      "firstname": "Beckie",
      "id": 2,
      "lastname": "Fraine",
    },
    Object {
      "email": "mjanecek2@hatena.ne.jp",
      "firstname": "Melissa",
      "id": 3,
      "lastname": "Janecek",
    },
    Object {
      "email": "tdrane3@state.tx.us",
      "firstname": "Taddeo",
      "id": 4,
      "lastname": "Drane",
    },
    Object {
      "email": "eedler4@washingtonpost.com",
      "firstname": "Emalia",
      "id": 5,
      "lastname": "Edler",
    },
    Object {
      "email": "rerington5@kickstarter.com",
      "firstname": "Rodina",
      "id": 6,
      "lastname": "Erington",
    },
    Object {
      "email": "tallchorne6@wired.com",
      "firstname": "Tamra",
      "id": 7,
      "lastname": "Allchorne",
    },
    Object {
      "email": "bmartindale7@ameblo.jp",
      "firstname": "Beatrix",
      "id": 8,
      "lastname": "Martindale",
    },
    Object {
      "email": "vparsley8@theatlantic.com",
      "firstname": "Van",
      "id": 9,
      "lastname": "Parsley",
    },
    Object {
      "email": "lveeler9@instagram.com",
      "firstname": "Lewie",
      "id": 10,
      "lastname": "Veeler",
    },
    Object {
      "email": "cshoesmitha@zimbio.com",
      "firstname": "Constantino",
      "id": 11,
      "lastname": "Shoesmith",
    },
    Object {
      "email": "shornbuckleb@indiegogo.com",
      "firstname": "Sela",
      "id": 12,
      "lastname": "Hornbuckle",
    },
    Object {
      "email": "ddumbarec@sina.com.cn",
      "firstname": "Doretta",
      "id": 13,
      "lastname": "Dumbare",
    },
    Object {
      "email": "pnunnd@usda.gov",
      "firstname": "Pat",
      "id": 14,
      "lastname": "Nunn",
    },
    Object {
      "email": "rmcfalle@google.pl",
      "firstname": "Rafaello",
      "id": 15,
      "lastname": "McFall",
    },
    Object {
      "email": "mhoulahanf@prnewswire.com",
      "firstname": "Mauricio",
      "id": 16,
      "lastname": "Houlahan",
    },
    Object {
      "email": "kcoffeltg@taobao.com",
      "firstname": "Kore",
      "id": 17,
      "lastname": "Coffelt",
    },
    Object {
      "email": "dmapledooreh@flickr.com",
      "firstname": "Dominique",
      "id": 18,
      "lastname": "Mapledoore",
    },
    Object {
      "email": "fhousecrafti@wix.com",
      "firstname": "Freddie",
      "id": 19,
      "lastname": "Housecraft",
    },
    Object {
      "email": "mtunnj@addthis.com",
      "firstname": "Mikael",
      "id": 20,
      "lastname": "Tunn",
    },
    Object {
      "email": "ahoggank@ibm.com",
      "firstname": "Agosto",
      "id": 21,
      "lastname": "Hoggan",
    },
    Object {
      "email": "kfeldmesserl@nps.gov",
      "firstname": "Kendell",
      "id": 22,
      "lastname": "Feldmesser",
    },
    Object {
      "email": "lpetrashovm@themeforest.net",
      "firstname": "Lazaro",
      "id": 23,
      "lastname": "Petrashov",
    },
    Object {
      "email": "jcanton@timesonline.co.uk",
      "firstname": "Josepha",
      "id": 24,
      "lastname": "Canto",
    },
    Object {
      "email": "ishimmanso@4shared.com",
      "firstname": "Irwinn",
      "id": 25,
      "lastname": "Shimmans",
    },
    Object {
      "email": "pshirtp@a8.net",
      "firstname": "Pablo",
      "id": 26,
      "lastname": "Shirt",
    },
    Object {
      "email": "hbruckq@liveinternet.ru",
      "firstname": "Hadleigh",
      "id": 27,
      "lastname": "Bruck",
    },
    Object {
      "email": "gaslottr@time.com",
      "firstname": "Geordie",
      "id": 28,
      "lastname": "Aslott",
    },
    Object {
      "email": "hennevers@blogspot.com",
      "firstname": "Heinrick",
      "id": 29,
      "lastname": "Ennever",
    },
    Object {
      "email": "jmiddlet@bizjournals.com",
      "firstname": "Jesselyn",
      "id": 30,
      "lastname": "Middle",
    },
    Object {
      "email": "cwykesu@nymag.com",
      "firstname": "Calypso",
      "id": 31,
      "lastname": "Wykes",
    },
    Object {
      "email": "gporrettv@nationalgeographic.com",
      "firstname": "Guinna",
      "id": 32,
      "lastname": "Porrett",
    },
    Object {
      "email": "bkilleleaw@ibm.com",
      "firstname": "Barclay",
      "id": 33,
      "lastname": "Killelea",
    },
    Object {
      "email": "mcovenyx@stanford.edu",
      "firstname": "Mareah",
      "id": 34,
      "lastname": "Coveny",
    },
    Object {
      "email": "bnuzziy@apache.org",
      "firstname": "Brock",
      "id": 35,
      "lastname": "Nuzzi",
    },
    Object {
      "email": "gstairsz@yellowbook.com",
      "firstname": "Gianina",
      "id": 36,
      "lastname": "Stairs",
    },
    Object {
      "email": "mlinsley10@yale.edu",
      "firstname": "Melantha",
      "id": 37,
      "lastname": "Linsley",
    },
    Object {
      "email": "abeckinsale11@gravatar.com",
      "firstname": "Ada",
      "id": 38,
      "lastname": "Beckinsale",
    },
    Object {
      "email": "rguiet12@360.cn",
      "firstname": "Rubie",
      "id": 39,
      "lastname": "Guiet",
    },
    Object {
      "email": "agarshore13@yellowpages.com",
      "firstname": "Archaimbaud",
      "id": 40,
      "lastname": "Garshore",
    },
    Object {
      "email": "kjanway14@sakura.ne.jp",
      "firstname": "Kayne",
      "id": 41,
      "lastname": "Janway",
    },
    Object {
      "email": "tcluderay15@hud.gov",
      "firstname": "Towney",
      "id": 42,
      "lastname": "Cluderay",
    },
    Object {
      "email": "phibbart16@mashable.com",
      "firstname": "Pet",
      "id": 43,
      "lastname": "Hibbart",
    },
    Object {
      "email": "bkruszelnicki17@springer.com",
      "firstname": "Biddie",
      "id": 44,
      "lastname": "Kruszelnicki",
    },
    Object {
      "email": "pleinster18@booking.com",
      "firstname": "Port",
      "id": 45,
      "lastname": "Leinster",
    },
    Object {
      "email": "aorpwood19@dailymail.co.uk",
      "firstname": "Addison",
      "id": 46,
      "lastname": "Orpwood",
    },
    Object {
      "email": "wmitham1a@webnode.com",
      "firstname": "Woodman",
      "id": 47,
      "lastname": "Mitham",
    },
    Object {
      "email": "agoutcher1b@time.com",
      "firstname": "Antin",
      "id": 48,
      "lastname": "Goutcher",
    },
    Object {
      "email": "ccollicott1c@tiny.cc",
      "firstname": "Claretta",
      "id": 49,
      "lastname": "Collicott",
    },
    Object {
      "email": "mrizon1d@typepad.com",
      "firstname": "Merry",
      "id": 50,
      "lastname": "Rizon",
    },
    Object {
      "email": "cboater1e@wordpress.org",
      "firstname": "Clayborne",
      "id": 51,
      "lastname": "Boater",
    },
    Object {
      "email": "braitie1f@unicef.org",
      "firstname": "Beltran",
      "id": 52,
      "lastname": "Raitie",
    },
    Object {
      "email": "ekleinbaum1g@delicious.com",
      "firstname": "Eddie",
      "id": 53,
      "lastname": "Kleinbaum",
    },
    Object {
      "email": "mshackesby1h@va.gov",
      "firstname": "Muhammad",
      "id": 54,
      "lastname": "Shackesby",
    },
    Object {
      "email": "efrogley1i@free.fr",
      "firstname": "Elberta",
      "id": 55,
      "lastname": "Frogley",
    },
    Object {
      "email": "jdulany1j@mac.com",
      "firstname": "Jennine",
      "id": 56,
      "lastname": "Dulany",
    },
    Object {
      "email": "pmcneilly1k@mashable.com",
      "firstname": "Paolo",
      "id": 57,
      "lastname": "McNeilly",
    },
    Object {
      "email": "vkirman1l@csmonitor.com",
      "firstname": "Vin",
      "id": 58,
      "lastname": "Kirman",
    },
    Object {
      "email": "ematkovic1m@ustream.tv",
      "firstname": "Edlin",
      "id": 59,
      "lastname": "Matkovic",
    },
    Object {
      "email": "cyglesia1n@printfriendly.com",
      "firstname": "Caria",
      "id": 60,
      "lastname": "Yglesia",
    },
    Object {
      "email": "vstoke1o@goo.gl",
      "firstname": "Vincenty",
      "id": 61,
      "lastname": "Stoke",
    },
    Object {
      "email": "snutten1p@unblog.fr",
      "firstname": "Stefanie",
      "id": 62,
      "lastname": "Nutten",
    },
    Object {
      "email": "rbeagles1q@de.vu",
      "firstname": "Riley",
      "id": 63,
      "lastname": "Beagles",
    },
    Object {
      "email": "hmees1r@tuttocitta.it",
      "firstname": "Hilda",
      "id": 64,
      "lastname": "Mees",
    },
    Object {
      "email": "nsilverson1s@purevolume.com",
      "firstname": "Noah",
      "id": 65,
      "lastname": "Silverson",
    },
    Object {
      "email": "gcroyser1t@hhs.gov",
      "firstname": "George",
      "id": 66,
      "lastname": "Croyser",
    },
    Object {
      "email": "mbotwright1u@hatena.ne.jp",
      "firstname": "Merell",
      "id": 67,
      "lastname": "Botwright",
    },
    Object {
      "email": "ctrodler1v@tumblr.com",
      "firstname": "Clarisse",
      "id": 68,
      "lastname": "Trodler",
    },
    Object {
      "email": "dbrusle1w@geocities.com",
      "firstname": "Davita",
      "id": 69,
      "lastname": "Brusle",
    },
    Object {
      "email": "tdyment1x@sina.com.cn",
      "firstname": "Tildie",
      "id": 70,
      "lastname": "Dyment",
    },
    Object {
      "email": "ekoubu1y@eventbrite.com",
      "firstname": "Eddy",
      "id": 71,
      "lastname": "Koubu",
    },
    Object {
      "email": "btilley1z@flavors.me",
      "firstname": "Bamby",
      "id": 72,
      "lastname": "Tilley",
    },
    Object {
      "email": "apont20@ifeng.com",
      "firstname": "Aldin",
      "id": 73,
      "lastname": "Pont",
    },
    Object {
      "email": "bduplain21@flickr.com",
      "firstname": "Bonni",
      "id": 74,
      "lastname": "Duplain",
    },
    Object {
      "email": "tfarley22@macromedia.com",
      "firstname": "Tally",
      "id": 75,
      "lastname": "Farley",
    },
    Object {
      "email": "jbethel23@youku.com",
      "firstname": "Joel",
      "id": 76,
      "lastname": "Bethel",
    },
    Object {
      "email": "mhews24@wired.com",
      "firstname": "Mikel",
      "id": 77,
      "lastname": "Hews",
    },
    Object {
      "email": "wtoffts25@rediff.com",
      "firstname": "Whitby",
      "id": 78,
      "lastname": "Toffts",
    },
    Object {
      "email": "ddacre26@shinystat.com",
      "firstname": "Denys",
      "id": 79,
      "lastname": "Dacre",
    },
    Object {
      "email": "eform27@microsoft.com",
      "firstname": "Elsbeth",
      "id": 80,
      "lastname": "Form",
    },
    Object {
      "email": "fdouble28@prlog.org",
      "firstname": "Frankie",
      "id": 81,
      "lastname": "Double",
    },
    Object {
      "email": "mpatry29@amazon.co.jp",
      "firstname": "Modesta",
      "id": 82,
      "lastname": "Patry",
    },
    Object {
      "email": "csigge2a@mozilla.org",
      "firstname": "Conant",
      "id": 83,
      "lastname": "Sigge",
    },
    Object {
      "email": "jstiell2b@shinystat.com",
      "firstname": "Jemima",
      "id": 84,
      "lastname": "Stiell",
    },
    Object {
      "email": "bmushrow2c@ifeng.com",
      "firstname": "Bebe",
      "id": 85,
      "lastname": "Mushrow",
    },
    Object {
      "email": "ghaddock2d@yelp.com",
      "firstname": "Gypsy",
      "id": 86,
      "lastname": "Haddock",
    },
    Object {
      "email": "srostern2e@tiny.cc",
      "firstname": "Sigismundo",
      "id": 87,
      "lastname": "Rostern",
    },
    Object {
      "email": "acappel2f@reuters.com",
      "firstname": "Allie",
      "id": 88,
      "lastname": "Cappel",
    },
    Object {
      "email": "guridge2g@tiny.cc",
      "firstname": "Gisela",
      "id": 89,
      "lastname": "Uridge",
    },
    Object {
      "email": "bcleve2h@istockphoto.com",
      "firstname": "Bell",
      "id": 90,
      "lastname": "Cleve",
    },
    Object {
      "email": "oshiels2i@squarespace.com",
      "firstname": "Orsola",
      "id": 91,
      "lastname": "Shiels",
    },
    Object {
      "email": "bbruster2j@msu.edu",
      "firstname": "Bailie",
      "id": 92,
      "lastname": "Bruster",
    },
    Object {
      "email": "tloudwell2k@state.tx.us",
      "firstname": "Trent",
      "id": 93,
      "lastname": "Loudwell",
    },
    Object {
      "email": "hwake2l@twitter.com",
      "firstname": "Hoebart",
      "id": 94,
      "lastname": "Wake",
    },
    Object {
      "email": "csuermeiers2m@craigslist.org",
      "firstname": "Carie",
      "id": 95,
      "lastname": "Suermeiers",
    },
    Object {
      "email": "bheinke2n@bing.com",
      "firstname": "Bernita",
      "id": 96,
      "lastname": "Heinke",
    },
    Object {
      "email": "tdelafield2o@mapquest.com",
      "firstname": "Trenton",
      "id": 97,
      "lastname": "DelaField",
    },
    Object {
      "email": "imctavy2p@a8.net",
      "firstname": "Ines",
      "id": 98,
      "lastname": "McTavy",
    },
    Object {
      "email": "oamaya2q@spotify.com",
      "firstname": "Ogdan",
      "id": 99,
      "lastname": "Amaya",
    },
    Object {
      "email": "hamdohr2r@java.com",
      "firstname": "Hedda",
      "id": 100,
      "lastname": "Amdohr",
    },
  ],
}
`;

exports[`Database can access records via connection 1`] = `
Object {
  "products": Array [
    Object {
      "email": "mtortoishell0@webs.com",
      "firstname": "Matthiew",
      "id": 1,
      "lastname": "Tortoishell",
    },
    Object {
      "email": "bfraine1@privacy.gov.au",
      "firstname": "Beckie",
      "id": 2,
      "lastname": "Fraine",
    },
    Object {
      "email": "mjanecek2@hatena.ne.jp",
      "firstname": "Melissa",
      "id": 3,
      "lastname": "Janecek",
    },
    Object {
      "email": "tdrane3@state.tx.us",
      "firstname": "Taddeo",
      "id": 4,
      "lastname": "Drane",
    },
    Object {
      "email": "eedler4@washingtonpost.com",
      "firstname": "Emalia",
      "id": 5,
      "lastname": "Edler",
    },
    Object {
      "email": "rerington5@kickstarter.com",
      "firstname": "Rodina",
      "id": 6,
      "lastname": "Erington",
    },
    Object {
      "email": "tallchorne6@wired.com",
      "firstname": "Tamra",
      "id": 7,
      "lastname": "Allchorne",
    },
    Object {
      "email": "bmartindale7@ameblo.jp",
      "firstname": "Beatrix",
      "id": 8,
      "lastname": "Martindale",
    },
    Object {
      "email": "vparsley8@theatlantic.com",
      "firstname": "Van",
      "id": 9,
      "lastname": "Parsley",
    },
    Object {
      "email": "lveeler9@instagram.com",
      "firstname": "Lewie",
      "id": 10,
      "lastname": "Veeler",
    },
    Object {
      "email": "cshoesmitha@zimbio.com",
      "firstname": "Constantino",
      "id": 11,
      "lastname": "Shoesmith",
    },
    Object {
      "email": "shornbuckleb@indiegogo.com",
      "firstname": "Sela",
      "id": 12,
      "lastname": "Hornbuckle",
    },
    Object {
      "email": "ddumbarec@sina.com.cn",
      "firstname": "Doretta",
      "id": 13,
      "lastname": "Dumbare",
    },
    Object {
      "email": "pnunnd@usda.gov",
      "firstname": "Pat",
      "id": 14,
      "lastname": "Nunn",
    },
    Object {
      "email": "rmcfalle@google.pl",
      "firstname": "Rafaello",
      "id": 15,
      "lastname": "McFall",
    },
    Object {
      "email": "mhoulahanf@prnewswire.com",
      "firstname": "Mauricio",
      "id": 16,
      "lastname": "Houlahan",
    },
    Object {
      "email": "kcoffeltg@taobao.com",
      "firstname": "Kore",
      "id": 17,
      "lastname": "Coffelt",
    },
    Object {
      "email": "dmapledooreh@flickr.com",
      "firstname": "Dominique",
      "id": 18,
      "lastname": "Mapledoore",
    },
    Object {
      "email": "fhousecrafti@wix.com",
      "firstname": "Freddie",
      "id": 19,
      "lastname": "Housecraft",
    },
    Object {
      "email": "mtunnj@addthis.com",
      "firstname": "Mikael",
      "id": 20,
      "lastname": "Tunn",
    },
    Object {
      "email": "ahoggank@ibm.com",
      "firstname": "Agosto",
      "id": 21,
      "lastname": "Hoggan",
    },
    Object {
      "email": "kfeldmesserl@nps.gov",
      "firstname": "Kendell",
      "id": 22,
      "lastname": "Feldmesser",
    },
    Object {
      "email": "lpetrashovm@themeforest.net",
      "firstname": "Lazaro",
      "id": 23,
      "lastname": "Petrashov",
    },
    Object {
      "email": "jcanton@timesonline.co.uk",
      "firstname": "Josepha",
      "id": 24,
      "lastname": "Canto",
    },
    Object {
      "email": "ishimmanso@4shared.com",
      "firstname": "Irwinn",
      "id": 25,
      "lastname": "Shimmans",
    },
    Object {
      "email": "pshirtp@a8.net",
      "firstname": "Pablo",
      "id": 26,
      "lastname": "Shirt",
    },
    Object {
      "email": "hbruckq@liveinternet.ru",
      "firstname": "Hadleigh",
      "id": 27,
      "lastname": "Bruck",
    },
    Object {
      "email": "gaslottr@time.com",
      "firstname": "Geordie",
      "id": 28,
      "lastname": "Aslott",
    },
    Object {
      "email": "hennevers@blogspot.com",
      "firstname": "Heinrick",
      "id": 29,
      "lastname": "Ennever",
    },
    Object {
      "email": "jmiddlet@bizjournals.com",
      "firstname": "Jesselyn",
      "id": 30,
      "lastname": "Middle",
    },
    Object {
      "email": "cwykesu@nymag.com",
      "firstname": "Calypso",
      "id": 31,
      "lastname": "Wykes",
    },
    Object {
      "email": "gporrettv@nationalgeographic.com",
      "firstname": "Guinna",
      "id": 32,
      "lastname": "Porrett",
    },
    Object {
      "email": "bkilleleaw@ibm.com",
      "firstname": "Barclay",
      "id": 33,
      "lastname": "Killelea",
    },
    Object {
      "email": "mcovenyx@stanford.edu",
      "firstname": "Mareah",
      "id": 34,
      "lastname": "Coveny",
    },
    Object {
      "email": "bnuzziy@apache.org",
      "firstname": "Brock",
      "id": 35,
      "lastname": "Nuzzi",
    },
    Object {
      "email": "gstairsz@yellowbook.com",
      "firstname": "Gianina",
      "id": 36,
      "lastname": "Stairs",
    },
    Object {
      "email": "mlinsley10@yale.edu",
      "firstname": "Melantha",
      "id": 37,
      "lastname": "Linsley",
    },
    Object {
      "email": "abeckinsale11@gravatar.com",
      "firstname": "Ada",
      "id": 38,
      "lastname": "Beckinsale",
    },
    Object {
      "email": "rguiet12@360.cn",
      "firstname": "Rubie",
      "id": 39,
      "lastname": "Guiet",
    },
    Object {
      "email": "agarshore13@yellowpages.com",
      "firstname": "Archaimbaud",
      "id": 40,
      "lastname": "Garshore",
    },
    Object {
      "email": "kjanway14@sakura.ne.jp",
      "firstname": "Kayne",
      "id": 41,
      "lastname": "Janway",
    },
    Object {
      "email": "tcluderay15@hud.gov",
      "firstname": "Towney",
      "id": 42,
      "lastname": "Cluderay",
    },
    Object {
      "email": "phibbart16@mashable.com",
      "firstname": "Pet",
      "id": 43,
      "lastname": "Hibbart",
    },
    Object {
      "email": "bkruszelnicki17@springer.com",
      "firstname": "Biddie",
      "id": 44,
      "lastname": "Kruszelnicki",
    },
    Object {
      "email": "pleinster18@booking.com",
      "firstname": "Port",
      "id": 45,
      "lastname": "Leinster",
    },
    Object {
      "email": "aorpwood19@dailymail.co.uk",
      "firstname": "Addison",
      "id": 46,
      "lastname": "Orpwood",
    },
    Object {
      "email": "wmitham1a@webnode.com",
      "firstname": "Woodman",
      "id": 47,
      "lastname": "Mitham",
    },
    Object {
      "email": "agoutcher1b@time.com",
      "firstname": "Antin",
      "id": 48,
      "lastname": "Goutcher",
    },
    Object {
      "email": "ccollicott1c@tiny.cc",
      "firstname": "Claretta",
      "id": 49,
      "lastname": "Collicott",
    },
    Object {
      "email": "mrizon1d@typepad.com",
      "firstname": "Merry",
      "id": 50,
      "lastname": "Rizon",
    },
    Object {
      "email": "cboater1e@wordpress.org",
      "firstname": "Clayborne",
      "id": 51,
      "lastname": "Boater",
    },
    Object {
      "email": "braitie1f@unicef.org",
      "firstname": "Beltran",
      "id": 52,
      "lastname": "Raitie",
    },
    Object {
      "email": "ekleinbaum1g@delicious.com",
      "firstname": "Eddie",
      "id": 53,
      "lastname": "Kleinbaum",
    },
    Object {
      "email": "mshackesby1h@va.gov",
      "firstname": "Muhammad",
      "id": 54,
      "lastname": "Shackesby",
    },
    Object {
      "email": "efrogley1i@free.fr",
      "firstname": "Elberta",
      "id": 55,
      "lastname": "Frogley",
    },
    Object {
      "email": "jdulany1j@mac.com",
      "firstname": "Jennine",
      "id": 56,
      "lastname": "Dulany",
    },
    Object {
      "email": "pmcneilly1k@mashable.com",
      "firstname": "Paolo",
      "id": 57,
      "lastname": "McNeilly",
    },
    Object {
      "email": "vkirman1l@csmonitor.com",
      "firstname": "Vin",
      "id": 58,
      "lastname": "Kirman",
    },
    Object {
      "email": "ematkovic1m@ustream.tv",
      "firstname": "Edlin",
      "id": 59,
      "lastname": "Matkovic",
    },
    Object {
      "email": "cyglesia1n@printfriendly.com",
      "firstname": "Caria",
      "id": 60,
      "lastname": "Yglesia",
    },
    Object {
      "email": "vstoke1o@goo.gl",
      "firstname": "Vincenty",
      "id": 61,
      "lastname": "Stoke",
    },
    Object {
      "email": "snutten1p@unblog.fr",
      "firstname": "Stefanie",
      "id": 62,
      "lastname": "Nutten",
    },
    Object {
      "email": "rbeagles1q@de.vu",
      "firstname": "Riley",
      "id": 63,
      "lastname": "Beagles",
    },
    Object {
      "email": "hmees1r@tuttocitta.it",
      "firstname": "Hilda",
      "id": 64,
      "lastname": "Mees",
    },
    Object {
      "email": "nsilverson1s@purevolume.com",
      "firstname": "Noah",
      "id": 65,
      "lastname": "Silverson",
    },
    Object {
      "email": "gcroyser1t@hhs.gov",
      "firstname": "George",
      "id": 66,
      "lastname": "Croyser",
    },
    Object {
      "email": "mbotwright1u@hatena.ne.jp",
      "firstname": "Merell",
      "id": 67,
      "lastname": "Botwright",
    },
    Object {
      "email": "ctrodler1v@tumblr.com",
      "firstname": "Clarisse",
      "id": 68,
      "lastname": "Trodler",
    },
    Object {
      "email": "dbrusle1w@geocities.com",
      "firstname": "Davita",
      "id": 69,
      "lastname": "Brusle",
    },
    Object {
      "email": "tdyment1x@sina.com.cn",
      "firstname": "Tildie",
      "id": 70,
      "lastname": "Dyment",
    },
    Object {
      "email": "ekoubu1y@eventbrite.com",
      "firstname": "Eddy",
      "id": 71,
      "lastname": "Koubu",
    },
    Object {
      "email": "btilley1z@flavors.me",
      "firstname": "Bamby",
      "id": 72,
      "lastname": "Tilley",
    },
    Object {
      "email": "apont20@ifeng.com",
      "firstname": "Aldin",
      "id": 73,
      "lastname": "Pont",
    },
    Object {
      "email": "bduplain21@flickr.com",
      "firstname": "Bonni",
      "id": 74,
      "lastname": "Duplain",
    },
    Object {
      "email": "tfarley22@macromedia.com",
      "firstname": "Tally",
      "id": 75,
      "lastname": "Farley",
    },
    Object {
      "email": "jbethel23@youku.com",
      "firstname": "Joel",
      "id": 76,
      "lastname": "Bethel",
    },
    Object {
      "email": "mhews24@wired.com",
      "firstname": "Mikel",
      "id": 77,
      "lastname": "Hews",
    },
    Object {
      "email": "wtoffts25@rediff.com",
      "firstname": "Whitby",
      "id": 78,
      "lastname": "Toffts",
    },
    Object {
      "email": "ddacre26@shinystat.com",
      "firstname": "Denys",
      "id": 79,
      "lastname": "Dacre",
    },
    Object {
      "email": "eform27@microsoft.com",
      "firstname": "Elsbeth",
      "id": 80,
      "lastname": "Form",
    },
    Object {
      "email": "fdouble28@prlog.org",
      "firstname": "Frankie",
      "id": 81,
      "lastname": "Double",
    },
    Object {
      "email": "mpatry29@amazon.co.jp",
      "firstname": "Modesta",
      "id": 82,
      "lastname": "Patry",
    },
    Object {
      "email": "csigge2a@mozilla.org",
      "firstname": "Conant",
      "id": 83,
      "lastname": "Sigge",
    },
    Object {
      "email": "jstiell2b@shinystat.com",
      "firstname": "Jemima",
      "id": 84,
      "lastname": "Stiell",
    },
    Object {
      "email": "bmushrow2c@ifeng.com",
      "firstname": "Bebe",
      "id": 85,
      "lastname": "Mushrow",
    },
    Object {
      "email": "ghaddock2d@yelp.com",
      "firstname": "Gypsy",
      "id": 86,
      "lastname": "Haddock",
    },
    Object {
      "email": "srostern2e@tiny.cc",
      "firstname": "Sigismundo",
      "id": 87,
      "lastname": "Rostern",
    },
    Object {
      "email": "acappel2f@reuters.com",
      "firstname": "Allie",
      "id": 88,
      "lastname": "Cappel",
    },
    Object {
      "email": "guridge2g@tiny.cc",
      "firstname": "Gisela",
      "id": 89,
      "lastname": "Uridge",
    },
    Object {
      "email": "bcleve2h@istockphoto.com",
      "firstname": "Bell",
      "id": 90,
      "lastname": "Cleve",
    },
    Object {
      "email": "oshiels2i@squarespace.com",
      "firstname": "Orsola",
      "id": 91,
      "lastname": "Shiels",
    },
    Object {
      "email": "bbruster2j@msu.edu",
      "firstname": "Bailie",
      "id": 92,
      "lastname": "Bruster",
    },
    Object {
      "email": "tloudwell2k@state.tx.us",
      "firstname": "Trent",
      "id": 93,
      "lastname": "Loudwell",
    },
    Object {
      "email": "hwake2l@twitter.com",
      "firstname": "Hoebart",
      "id": 94,
      "lastname": "Wake",
    },
    Object {
      "email": "csuermeiers2m@craigslist.org",
      "firstname": "Carie",
      "id": 95,
      "lastname": "Suermeiers",
    },
    Object {
      "email": "bheinke2n@bing.com",
      "firstname": "Bernita",
      "id": 96,
      "lastname": "Heinke",
    },
    Object {
      "email": "tdelafield2o@mapquest.com",
      "firstname": "Trenton",
      "id": 97,
      "lastname": "DelaField",
    },
    Object {
      "email": "imctavy2p@a8.net",
      "firstname": "Ines",
      "id": 98,
      "lastname": "McTavy",
    },
    Object {
      "email": "oamaya2q@spotify.com",
      "firstname": "Ogdan",
      "id": 99,
      "lastname": "Amaya",
    },
    Object {
      "email": "hamdohr2r@java.com",
      "firstname": "Hedda",
      "id": 100,
      "lastname": "Amdohr",
    },
  ],
}
`;

exports[`Database returns all person records 1`] = `
Object {
  "products": Array [
    Object {
      "email": "mtortoishell0@webs.com",
      "firstname": "Matthiew",
      "id": 1,
      "lastname": "Tortoishell",
    },
    Object {
      "email": "bfraine1@privacy.gov.au",
      "firstname": "Beckie",
      "id": 2,
      "lastname": "Fraine",
    },
    Object {
      "email": "mjanecek2@hatena.ne.jp",
      "firstname": "Melissa",
      "id": 3,
      "lastname": "Janecek",
    },
    Object {
      "email": "tdrane3@state.tx.us",
      "firstname": "Taddeo",
      "id": 4,
      "lastname": "Drane",
    },
    Object {
      "email": "eedler4@washingtonpost.com",
      "firstname": "Emalia",
      "id": 5,
      "lastname": "Edler",
    },
    Object {
      "email": "rerington5@kickstarter.com",
      "firstname": "Rodina",
      "id": 6,
      "lastname": "Erington",
    },
    Object {
      "email": "tallchorne6@wired.com",
      "firstname": "Tamra",
      "id": 7,
      "lastname": "Allchorne",
    },
    Object {
      "email": "bmartindale7@ameblo.jp",
      "firstname": "Beatrix",
      "id": 8,
      "lastname": "Martindale",
    },
    Object {
      "email": "vparsley8@theatlantic.com",
      "firstname": "Van",
      "id": 9,
      "lastname": "Parsley",
    },
    Object {
      "email": "lveeler9@instagram.com",
      "firstname": "Lewie",
      "id": 10,
      "lastname": "Veeler",
    },
    Object {
      "email": "cshoesmitha@zimbio.com",
      "firstname": "Constantino",
      "id": 11,
      "lastname": "Shoesmith",
    },
    Object {
      "email": "shornbuckleb@indiegogo.com",
      "firstname": "Sela",
      "id": 12,
      "lastname": "Hornbuckle",
    },
    Object {
      "email": "ddumbarec@sina.com.cn",
      "firstname": "Doretta",
      "id": 13,
      "lastname": "Dumbare",
    },
    Object {
      "email": "pnunnd@usda.gov",
      "firstname": "Pat",
      "id": 14,
      "lastname": "Nunn",
    },
    Object {
      "email": "rmcfalle@google.pl",
      "firstname": "Rafaello",
      "id": 15,
      "lastname": "McFall",
    },
    Object {
      "email": "mhoulahanf@prnewswire.com",
      "firstname": "Mauricio",
      "id": 16,
      "lastname": "Houlahan",
    },
    Object {
      "email": "kcoffeltg@taobao.com",
      "firstname": "Kore",
      "id": 17,
      "lastname": "Coffelt",
    },
    Object {
      "email": "dmapledooreh@flickr.com",
      "firstname": "Dominique",
      "id": 18,
      "lastname": "Mapledoore",
    },
    Object {
      "email": "fhousecrafti@wix.com",
      "firstname": "Freddie",
      "id": 19,
      "lastname": "Housecraft",
    },
    Object {
      "email": "mtunnj@addthis.com",
      "firstname": "Mikael",
      "id": 20,
      "lastname": "Tunn",
    },
    Object {
      "email": "ahoggank@ibm.com",
      "firstname": "Agosto",
      "id": 21,
      "lastname": "Hoggan",
    },
    Object {
      "email": "kfeldmesserl@nps.gov",
      "firstname": "Kendell",
      "id": 22,
      "lastname": "Feldmesser",
    },
    Object {
      "email": "lpetrashovm@themeforest.net",
      "firstname": "Lazaro",
      "id": 23,
      "lastname": "Petrashov",
    },
    Object {
      "email": "jcanton@timesonline.co.uk",
      "firstname": "Josepha",
      "id": 24,
      "lastname": "Canto",
    },
    Object {
      "email": "ishimmanso@4shared.com",
      "firstname": "Irwinn",
      "id": 25,
      "lastname": "Shimmans",
    },
    Object {
      "email": "pshirtp@a8.net",
      "firstname": "Pablo",
      "id": 26,
      "lastname": "Shirt",
    },
    Object {
      "email": "hbruckq@liveinternet.ru",
      "firstname": "Hadleigh",
      "id": 27,
      "lastname": "Bruck",
    },
    Object {
      "email": "gaslottr@time.com",
      "firstname": "Geordie",
      "id": 28,
      "lastname": "Aslott",
    },
    Object {
      "email": "hennevers@blogspot.com",
      "firstname": "Heinrick",
      "id": 29,
      "lastname": "Ennever",
    },
    Object {
      "email": "jmiddlet@bizjournals.com",
      "firstname": "Jesselyn",
      "id": 30,
      "lastname": "Middle",
    },
    Object {
      "email": "cwykesu@nymag.com",
      "firstname": "Calypso",
      "id": 31,
      "lastname": "Wykes",
    },
    Object {
      "email": "gporrettv@nationalgeographic.com",
      "firstname": "Guinna",
      "id": 32,
      "lastname": "Porrett",
    },
    Object {
      "email": "bkilleleaw@ibm.com",
      "firstname": "Barclay",
      "id": 33,
      "lastname": "Killelea",
    },
    Object {
      "email": "mcovenyx@stanford.edu",
      "firstname": "Mareah",
      "id": 34,
      "lastname": "Coveny",
    },
    Object {
      "email": "bnuzziy@apache.org",
      "firstname": "Brock",
      "id": 35,
      "lastname": "Nuzzi",
    },
    Object {
      "email": "gstairsz@yellowbook.com",
      "firstname": "Gianina",
      "id": 36,
      "lastname": "Stairs",
    },
    Object {
      "email": "mlinsley10@yale.edu",
      "firstname": "Melantha",
      "id": 37,
      "lastname": "Linsley",
    },
    Object {
      "email": "abeckinsale11@gravatar.com",
      "firstname": "Ada",
      "id": 38,
      "lastname": "Beckinsale",
    },
    Object {
      "email": "rguiet12@360.cn",
      "firstname": "Rubie",
      "id": 39,
      "lastname": "Guiet",
    },
    Object {
      "email": "agarshore13@yellowpages.com",
      "firstname": "Archaimbaud",
      "id": 40,
      "lastname": "Garshore",
    },
    Object {
      "email": "kjanway14@sakura.ne.jp",
      "firstname": "Kayne",
      "id": 41,
      "lastname": "Janway",
    },
    Object {
      "email": "tcluderay15@hud.gov",
      "firstname": "Towney",
      "id": 42,
      "lastname": "Cluderay",
    },
    Object {
      "email": "phibbart16@mashable.com",
      "firstname": "Pet",
      "id": 43,
      "lastname": "Hibbart",
    },
    Object {
      "email": "bkruszelnicki17@springer.com",
      "firstname": "Biddie",
      "id": 44,
      "lastname": "Kruszelnicki",
    },
    Object {
      "email": "pleinster18@booking.com",
      "firstname": "Port",
      "id": 45,
      "lastname": "Leinster",
    },
    Object {
      "email": "aorpwood19@dailymail.co.uk",
      "firstname": "Addison",
      "id": 46,
      "lastname": "Orpwood",
    },
    Object {
      "email": "wmitham1a@webnode.com",
      "firstname": "Woodman",
      "id": 47,
      "lastname": "Mitham",
    },
    Object {
      "email": "agoutcher1b@time.com",
      "firstname": "Antin",
      "id": 48,
      "lastname": "Goutcher",
    },
    Object {
      "email": "ccollicott1c@tiny.cc",
      "firstname": "Claretta",
      "id": 49,
      "lastname": "Collicott",
    },
    Object {
      "email": "mrizon1d@typepad.com",
      "firstname": "Merry",
      "id": 50,
      "lastname": "Rizon",
    },
    Object {
      "email": "cboater1e@wordpress.org",
      "firstname": "Clayborne",
      "id": 51,
      "lastname": "Boater",
    },
    Object {
      "email": "braitie1f@unicef.org",
      "firstname": "Beltran",
      "id": 52,
      "lastname": "Raitie",
    },
    Object {
      "email": "ekleinbaum1g@delicious.com",
      "firstname": "Eddie",
      "id": 53,
      "lastname": "Kleinbaum",
    },
    Object {
      "email": "mshackesby1h@va.gov",
      "firstname": "Muhammad",
      "id": 54,
      "lastname": "Shackesby",
    },
    Object {
      "email": "efrogley1i@free.fr",
      "firstname": "Elberta",
      "id": 55,
      "lastname": "Frogley",
    },
    Object {
      "email": "jdulany1j@mac.com",
      "firstname": "Jennine",
      "id": 56,
      "lastname": "Dulany",
    },
    Object {
      "email": "pmcneilly1k@mashable.com",
      "firstname": "Paolo",
      "id": 57,
      "lastname": "McNeilly",
    },
    Object {
      "email": "vkirman1l@csmonitor.com",
      "firstname": "Vin",
      "id": 58,
      "lastname": "Kirman",
    },
    Object {
      "email": "ematkovic1m@ustream.tv",
      "firstname": "Edlin",
      "id": 59,
      "lastname": "Matkovic",
    },
    Object {
      "email": "cyglesia1n@printfriendly.com",
      "firstname": "Caria",
      "id": 60,
      "lastname": "Yglesia",
    },
    Object {
      "email": "vstoke1o@goo.gl",
      "firstname": "Vincenty",
      "id": 61,
      "lastname": "Stoke",
    },
    Object {
      "email": "snutten1p@unblog.fr",
      "firstname": "Stefanie",
      "id": 62,
      "lastname": "Nutten",
    },
    Object {
      "email": "rbeagles1q@de.vu",
      "firstname": "Riley",
      "id": 63,
      "lastname": "Beagles",
    },
    Object {
      "email": "hmees1r@tuttocitta.it",
      "firstname": "Hilda",
      "id": 64,
      "lastname": "Mees",
    },
    Object {
      "email": "nsilverson1s@purevolume.com",
      "firstname": "Noah",
      "id": 65,
      "lastname": "Silverson",
    },
    Object {
      "email": "gcroyser1t@hhs.gov",
      "firstname": "George",
      "id": 66,
      "lastname": "Croyser",
    },
    Object {
      "email": "mbotwright1u@hatena.ne.jp",
      "firstname": "Merell",
      "id": 67,
      "lastname": "Botwright",
    },
    Object {
      "email": "ctrodler1v@tumblr.com",
      "firstname": "Clarisse",
      "id": 68,
      "lastname": "Trodler",
    },
    Object {
      "email": "dbrusle1w@geocities.com",
      "firstname": "Davita",
      "id": 69,
      "lastname": "Brusle",
    },
    Object {
      "email": "tdyment1x@sina.com.cn",
      "firstname": "Tildie",
      "id": 70,
      "lastname": "Dyment",
    },
    Object {
      "email": "ekoubu1y@eventbrite.com",
      "firstname": "Eddy",
      "id": 71,
      "lastname": "Koubu",
    },
    Object {
      "email": "btilley1z@flavors.me",
      "firstname": "Bamby",
      "id": 72,
      "lastname": "Tilley",
    },
    Object {
      "email": "apont20@ifeng.com",
      "firstname": "Aldin",
      "id": 73,
      "lastname": "Pont",
    },
    Object {
      "email": "bduplain21@flickr.com",
      "firstname": "Bonni",
      "id": 74,
      "lastname": "Duplain",
    },
    Object {
      "email": "tfarley22@macromedia.com",
      "firstname": "Tally",
      "id": 75,
      "lastname": "Farley",
    },
    Object {
      "email": "jbethel23@youku.com",
      "firstname": "Joel",
      "id": 76,
      "lastname": "Bethel",
    },
    Object {
      "email": "mhews24@wired.com",
      "firstname": "Mikel",
      "id": 77,
      "lastname": "Hews",
    },
    Object {
      "email": "wtoffts25@rediff.com",
      "firstname": "Whitby",
      "id": 78,
      "lastname": "Toffts",
    },
    Object {
      "email": "ddacre26@shinystat.com",
      "firstname": "Denys",
      "id": 79,
      "lastname": "Dacre",
    },
    Object {
      "email": "eform27@microsoft.com",
      "firstname": "Elsbeth",
      "id": 80,
      "lastname": "Form",
    },
    Object {
      "email": "fdouble28@prlog.org",
      "firstname": "Frankie",
      "id": 81,
      "lastname": "Double",
    },
    Object {
      "email": "mpatry29@amazon.co.jp",
      "firstname": "Modesta",
      "id": 82,
      "lastname": "Patry",
    },
    Object {
      "email": "csigge2a@mozilla.org",
      "firstname": "Conant",
      "id": 83,
      "lastname": "Sigge",
    },
    Object {
      "email": "jstiell2b@shinystat.com",
      "firstname": "Jemima",
      "id": 84,
      "lastname": "Stiell",
    },
    Object {
      "email": "bmushrow2c@ifeng.com",
      "firstname": "Bebe",
      "id": 85,
      "lastname": "Mushrow",
    },
    Object {
      "email": "ghaddock2d@yelp.com",
      "firstname": "Gypsy",
      "id": 86,
      "lastname": "Haddock",
    },
    Object {
      "email": "srostern2e@tiny.cc",
      "firstname": "Sigismundo",
      "id": 87,
      "lastname": "Rostern",
    },
    Object {
      "email": "acappel2f@reuters.com",
      "firstname": "Allie",
      "id": 88,
      "lastname": "Cappel",
    },
    Object {
      "email": "guridge2g@tiny.cc",
      "firstname": "Gisela",
      "id": 89,
      "lastname": "Uridge",
    },
    Object {
      "email": "bcleve2h@istockphoto.com",
      "firstname": "Bell",
      "id": 90,
      "lastname": "Cleve",
    },
    Object {
      "email": "oshiels2i@squarespace.com",
      "firstname": "Orsola",
      "id": 91,
      "lastname": "Shiels",
    },
    Object {
      "email": "bbruster2j@msu.edu",
      "firstname": "Bailie",
      "id": 92,
      "lastname": "Bruster",
    },
    Object {
      "email": "tloudwell2k@state.tx.us",
      "firstname": "Trent",
      "id": 93,
      "lastname": "Loudwell",
    },
    Object {
      "email": "hwake2l@twitter.com",
      "firstname": "Hoebart",
      "id": 94,
      "lastname": "Wake",
    },
    Object {
      "email": "csuermeiers2m@craigslist.org",
      "firstname": "Carie",
      "id": 95,
      "lastname": "Suermeiers",
    },
    Object {
      "email": "bheinke2n@bing.com",
      "firstname": "Bernita",
      "id": 96,
      "lastname": "Heinke",
    },
    Object {
      "email": "tdelafield2o@mapquest.com",
      "firstname": "Trenton",
      "id": 97,
      "lastname": "DelaField",
    },
    Object {
      "email": "imctavy2p@a8.net",
      "firstname": "Ines",
      "id": 98,
      "lastname": "McTavy",
    },
    Object {
      "email": "oamaya2q@spotify.com",
      "firstname": "Ogdan",
      "id": 99,
      "lastname": "Amaya",
    },
    Object {
      "email": "hamdohr2r@java.com",
      "firstname": "Hedda",
      "id": 100,
      "lastname": "Amdohr",
    },
  ],
}
`;
